        Info Looking up installed tauri packages to check mismatched versions...
     Running beforeBuildCommand `npm run build && C:/Users/21222/.workbuddy/binaries/python/versions/3.13.12/python.exe src-tauri/stage_core.py`

> naixi-desktop@0.1.0 build
> vite build

[36mvite v6.4.3 [32mbuilding for production...[36m[39m
transforming...
[32m✓[39m 2457 modules transformed.
rendering chunks...
[33m[plugin vite:reporter] 
(!) D:/naixi_desktop/src/lib/api.ts is dynamically imported by D:/naixi_desktop/src/components/MsgBubble.tsx but also statically imported by D:/naixi_desktop/src/components/AutomationPanel.tsx, D:/naixi_desktop/src/components/BackendGuard.tsx, D:/naixi_desktop/src/components/Chat.tsx, D:/naixi_desktop/src/components/ConnectionPanel.tsx, D:/naixi_desktop/src/components/Dashboard.tsx, D:/naixi_desktop/src/components/KnowledgePanel.tsx, D:/naixi_desktop/src/components/MsgBubble.tsx, D:/naixi_desktop/src/components/PermissionDialog.tsx, D:/naixi_desktop/src/components/PreferencesPanel.tsx, D:/naixi_desktop/src/components/PromptPanel.tsx, D:/naixi_desktop/src/components/ProviderSettings.tsx, D:/naixi_desktop/src/components/ResourcePanel.tsx, D:/naixi_desktop/src/components/SettingsPage.tsx, D:/naixi_desktop/src/components/SetupGuide.tsx, D:/naixi_desktop/src/components/TaskPanel.tsx, D:/naixi_desktop/src/components/TeamPanel.tsx, D:/naixi_desktop/src/components/WorkflowEditor.tsx, D:/naixi_desktop/src/components/shell.tsx, D:/naixi_desktop/src/components/ui.tsx, D:/naixi_desktop/src/contexts/AppContext.tsx, dynamic import will not move module into another chunk.
[39m
computing gzip size...
[2mdist/[22m[32mindex.html                       [39m[1m[2m  0.50 kB[22m[1m[22m[2m │ gzip:   0.35 kB[22m
[2mdist/[22m[35massets/index-DtaXr-cs.css        [39m[1m[2m 70.15 kB[22m[1m[22m[2m │ gzip:  11.65 kB[22m
[2mdist/[22m[36massets/webworkerAll-B7EywZRy.js  [39m[1m[2m  0.16 kB[22m[1m[22m[2m │ gzip:   0.13 kB[22m
[2mdist/[22m[36massets/browserAll-BjlCN2u1.js    [39m[1m[2m  0.29 kB[22m[1m[22m[2m │ gzip:   0.21 kB[22m
[2mdist/[22m[36massets/index-CLCCnAgH.js         [39m[1m[2m233.23 kB[22m[1m[22m[2m │ gzip:  53.23 kB[22m
[2mdist/[22m[36massets/index-BnibU5L6.js         [39m[1m[2m488.59 kB[22m[1m[22m[2m │ gzip: 140.34 kB[22m
[2mdist/[22m[36massets/index-BRmCHeyY.js         [39m[1m[33m836.11 kB[39m[22m[2m │ gzip: 227.24 kB[22m
[33m
(!) Some chunks are larger than 500 kB after minification. Consider:
- Using dynamic import() to code-split the application
- Use build.rollupOptions.output.manualChunks to improve chunking: https://rollupjs.org/configuration-options/#output-manualchunks
- Adjust chunk size limit for this warning via build.chunkSizeWarningLimit.[39m
[32m✓ built in 17.11s[39m
已暂存 23 个 .py 文件到 D:\naixi_desktop\src-tauri\resources\desktop_core（仅代码，不含任何数据/模型/日志）
   Compiling naixi-desktop v0.1.0 (D:\naixi_desktop\src-tauri)
    Finished `release` profile [optimized] target(s) in 1m 27s
       Built application at: D:\naixi_desktop\src-tauri\target\release\naixi-desktop.exe
        Info Patching D:\naixi_desktop\src-tauri\target\release\naixi-desktop.exe with bundle type information: nsis
        Info Target: x64
     Running makensis to produce D:\naixi_desktop\src-tauri\target\release\bundle\nsis\奶昔_0.1.0_x64-setup.exe
    Finished 1 bundle at:
        D:\naixi_desktop\src-tauri\target\release\bundle\nsis\奶昔_0.1.0_x64-setup.exe

